// Jest Snapshot v1, https://goo.gl/fbAQLP

exports[`kosko generate --preprod 1`] = `
"---
apiVersion: v1
kind: Namespace
metadata:
  annotations:
    field.cattle.io/creatorId: gitlab
    field.cattle.io/projectId: c-bd7z2:p-7ms8p
    git/branch: e2e-branch
    git/remote: git@github.com:SocialGouv/recherche-entreprises.git
    app.gitlab.com/app: socialgouv-recherche-entreprises
    app.gitlab.com/env: e2e-branch-42
    app.gitlab.com/env.name: e2e-branch-dev2
  labels:
    azure-pg-admin-user: recherche-entreprises
    application: v1-2-3-recherche-entreprises
    owner: recherche-entreprises
    team: recherche-entreprises
    cert: wildcard
  name: recherche-entreprises-24-e2e-branch-42
---
apiVersion: apps/v1
kind: Deployment
metadata:
  annotations:
    kapp.k14s.io/disable-default-ownership-label-rules: ''
    kapp.k14s.io/disable-default-label-scoping-rules: ''
    app.gitlab.com/app: socialgouv-recherche-entreprises
    app.gitlab.com/env: e2e-branch-42
    app.gitlab.com/env.name: e2e-branch-dev2
  labels:
    app: recherche-entreprises-api
    application: v1-2-3-recherche-entreprises
    owner: recherche-entreprises
    team: recherche-entreprises
    cert: wildcard
  name: recherche-entreprises-api
  namespace: recherche-entreprises-24-e2e-branch-42
spec:
  replicas: 1
  selector:
    matchLabels:
      app: recherche-entreprises-api
  template:
    metadata:
      annotations:
        kapp.k14s.io/disable-default-ownership-label-rules: ''
        kapp.k14s.io/disable-default-label-scoping-rules: ''
        app.gitlab.com/app: socialgouv-recherche-entreprises
        app.gitlab.com/env: e2e-branch-42
        app.gitlab.com/env.name: e2e-branch-dev2
      labels:
        app: recherche-entreprises-api
        application: v1-2-3-recherche-entreprises
        owner: recherche-entreprises
        team: recherche-entreprises
        cert: wildcard
    spec:
      containers:
        - image: >-
            harbor.fabrique.social.gouv.fr/undefined/recherche-entreprises-api:1.2.3
          livenessProbe:
            failureThreshold: 6
            httpGet:
              path: /healthz
              port: http
            initialDelaySeconds: 30
            periodSeconds: 5
            timeoutSeconds: 5
          name: recherche-entreprises-api
          ports:
            - containerPort: 8080
              name: http
          readinessProbe:
            failureThreshold: 15
            httpGet:
              path: /healthz
              port: http
            initialDelaySeconds: 0
            periodSeconds: 5
            successThreshold: 1
            timeoutSeconds: 1
          resources:
            limits:
              cpu: 500m
              memory: 128Mi
            requests:
              cpu: 5m
              memory: 16Mi
          startupProbe:
            failureThreshold: 12
            httpGet:
              path: /healthz
              port: http
            periodSeconds: 5
---
apiVersion: v1
kind: Service
metadata:
  labels:
    app: recherche-entreprises-api
    application: v1-2-3-recherche-entreprises
    owner: recherche-entreprises
    team: recherche-entreprises
    cert: wildcard
  name: recherche-entreprises-api
  annotations:
    kapp.k14s.io/disable-default-ownership-label-rules: ''
    kapp.k14s.io/disable-default-label-scoping-rules: ''
    app.gitlab.com/app: socialgouv-recherche-entreprises
    app.gitlab.com/env: e2e-branch-42
    app.gitlab.com/env.name: e2e-branch-dev2
  namespace: recherche-entreprises-24-e2e-branch-42
spec:
  ports:
    - name: http
      port: 80
      targetPort: 8080
  selector:
    app: recherche-entreprises-api
  type: ClusterIP
---
apiVersion: extensions/v1beta1
kind: Ingress
metadata:
  annotations:
    kubernetes.io/ingress.class: nginx
    kapp.k14s.io/disable-default-ownership-label-rules: ''
    kapp.k14s.io/disable-default-label-scoping-rules: ''
    app.gitlab.com/app: socialgouv-recherche-entreprises
    app.gitlab.com/env: e2e-branch-42
    app.gitlab.com/env.name: e2e-branch-dev2
  labels:
    app: recherche-entreprises-api
    application: v1-2-3-recherche-entreprises
    owner: recherche-entreprises
    team: recherche-entreprises
    cert: wildcard
  name: recherche-entreprises-api
  namespace: recherche-entreprises-24-e2e-branch-42
spec:
  rules:
    - host: v1-2-3-recherche-entreprises.dev2.fabrique.social.gouv.fr
      http:
        paths:
          - backend:
              serviceName: recherche-entreprises-api
              servicePort: 80
            path: /
  tls:
    - hosts:
        - v1-2-3-recherche-entreprises.dev2.fabrique.social.gouv.fr
      secretName: wildcard-crt
"
`;
