// Jest Snapshot v1, https://goo.gl/fbAQLP

exports[`kosko generate --prod 1`] = `
"---
apiVersion: apps/v1
kind: Deployment
metadata:
  annotations:
    kapp.k14s.io/disable-default-ownership-label-rules: ''
    kapp.k14s.io/disable-default-label-scoping-rules: ''
    app.gitlab.com/app: socialgouv-recherche-entreprises
    app.gitlab.com/env: e2e-branch-42
    app.gitlab.com/env.name: e2e-branch-dev2
  labels:
    app: recherche-entreprises-api
    application: recherche-entreprises
    owner: recherche-entreprises
    team: recherche-entreprises
    cert: wildcard
  name: recherche-entreprises-api
  namespace: recherche-entreprises
spec:
  replicas: 1
  selector:
    matchLabels:
      app: recherche-entreprises-api
  template:
    metadata:
      annotations:
        kapp.k14s.io/disable-default-ownership-label-rules: ''
        kapp.k14s.io/disable-default-label-scoping-rules: ''
        app.gitlab.com/app: socialgouv-recherche-entreprises
        app.gitlab.com/env: e2e-branch-42
        app.gitlab.com/env.name: e2e-branch-dev2
      labels:
        app: recherche-entreprises-api
        application: recherche-entreprises
        owner: recherche-entreprises
        team: recherche-entreprises
        cert: wildcard
    spec:
      containers:
        - image: >-
            harbor.fabrique.social.gouv.fr/undefined/recherche-entreprises-api:1.2.3
          livenessProbe:
            failureThreshold: 6
            httpGet:
              path: /healthz
              port: http
            initialDelaySeconds: 30
            periodSeconds: 5
            timeoutSeconds: 5
          name: recherche-entreprises-api
          ports:
            - containerPort: 3000
              name: http
          readinessProbe:
            failureThreshold: 15
            httpGet:
              path: /healthz
              port: http
            initialDelaySeconds: 0
            periodSeconds: 5
            successThreshold: 1
            timeoutSeconds: 1
          resources:
            limits:
              cpu: 500m
              memory: 128Mi
            requests:
              cpu: 5m
              memory: 16Mi
          startupProbe:
            failureThreshold: 12
            httpGet:
              path: /healthz
              port: http
            periodSeconds: 5
---
apiVersion: v1
kind: Service
metadata:
  labels:
    app: recherche-entreprises-api
    application: recherche-entreprises
    owner: recherche-entreprises
    team: recherche-entreprises
    cert: wildcard
  name: recherche-entreprises-api
  annotations:
    kapp.k14s.io/disable-default-ownership-label-rules: ''
    kapp.k14s.io/disable-default-label-scoping-rules: ''
    app.gitlab.com/app: socialgouv-recherche-entreprises
    app.gitlab.com/env: e2e-branch-42
    app.gitlab.com/env.name: e2e-branch-dev2
  namespace: recherche-entreprises
spec:
  ports:
    - name: http
      port: 80
      targetPort: 3000
  selector:
    app: recherche-entreprises-api
  type: ClusterIP
---
apiVersion: extensions/v1beta1
kind: Ingress
metadata:
  annotations:
    kubernetes.io/ingress.class: nginx
    certmanager.k8s.io/cluster-issuer: letsencrypt-prod
    kubernetes.io/tls-acme: 'true'
    kapp.k14s.io/disable-default-ownership-label-rules: ''
    kapp.k14s.io/disable-default-label-scoping-rules: ''
    app.gitlab.com/app: socialgouv-recherche-entreprises
    app.gitlab.com/env: e2e-branch-42
    app.gitlab.com/env.name: e2e-branch-dev2
  labels:
    app: recherche-entreprises-api
    application: recherche-entreprises
    owner: recherche-entreprises
    team: recherche-entreprises
    cert: wildcard
  name: recherche-entreprises-api
  namespace: recherche-entreprises
spec:
  rules:
    - host: recherche-entreprises.dev2.fabrique.social.gouv.fr
      http:
        paths:
          - backend:
              serviceName: recherche-entreprises-api
              servicePort: 80
            path: /
  tls:
    - hosts:
        - recherche-entreprises.dev2.fabrique.social.gouv.fr
      secretName: recherche-entreprises-api-crt
---
apiVersion: networking.k8s.io/v1
kind: NetworkPolicy
metadata:
  name: default
  namespace: recherche-entreprises
spec:
  podSelector: {}
  policyTypes:
    - Ingress
  ingress:
    - from:
        - namespaceSelector:
            matchLabels:
              network-policy/namespace: recherche-entreprises
    - from:
        - namespaceSelector:
            matchLabels:
              network-policy/source: ingress-controller
    - from:
        - namespaceSelector:
            matchLabels:
              network-policy/source: monitoring
"
`;
